
> temp_dir@0.1.0 build
> next build

node.exe : ΓÜá Warning: Next.js inferred your workspace root, but it may not be correct.
At C:\nvm4w\nodejs\npm.ps1:29 char:3
+   & $NODE_EXE $NPM_CLI_JS $args
+   ~~~~~~~~~~~~~~~~~~~~~~~~~~~~~
    + CategoryInfo          : NotSpecified: (ΓÜá Warning: Ne...not be correct.:String) [], RemoteException
    + FullyQualifiedErrorId : NativeCommandError
 
 We detected multiple lockfiles and selected the directory of C:\Users\roykr\package-lock.json as the root directory.
 To silence this warning, set `turbopack.root` in your Next.js config, or consider removing one of the lockfiles if 
it's not needed.
   See https://nextjs.org/docs/app/api-reference/config/next-config-js/turbopack#root-directory for more information.
 Detected additional lockfiles: 
   * C:\Users\roykr\OneDrive\Desktop\portfolio website\package-lock.json

Γû▓ Next.js 16.2.4 (Turbopack)

  Creating an optimized production build ...

> Build error occurred
Error: Turbopack build failed with 6 errors:
./OneDrive/Desktop/portfolio website/src/components/Profiles.jsx:5:1
Export Github doesn't exist in target module
  [90m3 |[0m [36mimport[0m { motion } [36mfrom[0m [32m"framer-motion"[0m;
  [90m4 |[0m [36mimport[0m styles [36mfrom[0m [32m"./Profiles.module.css"[0m;
[31m[1m>[0m [90m5 |[0m [36mimport[0m { [33mGithub[0m, [33mLinkedin[0m, [33mCode[0m } [36mfrom[0m 
[32m"lucide-react"[0m;
  [90m  |[0m [31m[1m^^^^^^^^^^^^^^^^^^^^^^^^^^^^^^^^^^^^^^^^^^^^^^^^^^^^^^[0m
  [90m6 |[0m
  [90m7 |[0m [36mexport[0m [36mdefault[0m [36mfunction[0m [33mProfiles[0m() {
  [90m8 |[0m   [36mconst[0m profiles = [

The export Github was not found in module [project]/OneDrive/Desktop/portfolio 
website/node_modules/lucide-react/dist/esm/lucide-react.mjs [app-client] (ecmascript).
Did you mean to import Gift?
All exports of the module are statically known (It doesn't have dynamic exports). So it's known statically that the 
requested export doesn't exist.

Import trace:
  Server Component:
    ./OneDrive/Desktop/portfolio website/src/components/Profiles.jsx
    ./OneDrive/Desktop/portfolio website/src/app/page.js


./OneDrive/Desktop/portfolio website/src/components/Profiles.jsx:5:1
Export Github doesn't exist in target module
  [90m3 |[0m [36mimport[0m { motion } [36mfrom[0m [32m"framer-motion"[0m;
  [90m4 |[0m [36mimport[0m styles [36mfrom[0m [32m"./Profiles.module.css"[0m;
[31m[1m>[0m [90m5 |[0m [36mimport[0m { [33mGithub[0m, [33mLinkedin[0m, [33mCode[0m } [36mfrom[0m 
[32m"lucide-react"[0m;
  [90m  |[0m [31m[1m^^^^^^^^^^^^^^^^^^^^^^^^^^^^^^^^^^^^^^^^^^^^^^^^^^^^^^[0m
  [90m6 |[0m
  [90m7 |[0m [36mexport[0m [36mdefault[0m [36mfunction[0m [33mProfiles[0m() {
  [90m8 |[0m   [36mconst[0m profiles = [

The export Github was not found in module [project]/OneDrive/Desktop/portfolio 
website/node_modules/lucide-react/dist/esm/lucide-react.mjs [app-ssr] (ecmascript).
Did you mean to import Gift?
All exports of the module are statically known (It doesn't have dynamic exports). So it's known statically that the 
requested export doesn't exist.

Import trace:
  Server Component:
    ./OneDrive/Desktop/portfolio website/src/components/Profiles.jsx
    ./OneDrive/Desktop/portfolio website/src/app/page.js


./OneDrive/Desktop/portfolio website/src/components/Projects.jsx:5:1
Export Github doesn't exist in target module
  [90m3 |[0m [36mimport[0m { motion } [36mfrom[0m [32m"framer-motion"[0m;
  [90m4 |[0m [36mimport[0m styles [36mfrom[0m [32m"./Projects.module.css"[0m;
[31m[1m>[0m [90m5 |[0m [36mimport[0m { [33mExternalLink[0m, [33mGithub[0m, [33mFileText[0m } 
[36mfrom[0m [32m"lucide-react"[0m;
  [90m  |[0m [31m[1m^^^^^^^^^^^^^^^^^^^^^^^^^^^^^^^^^^^^^^^^^^^^^^^^^^^^^^^^^^^^^^[0m
  [90m6 |[0m
  [90m7 |[0m [36mexport[0m [36mdefault[0m [36mfunction[0m [33mProjects[0m() {
  [90m8 |[0m   [36mconst[0m projects = [

The export Github was not found in module [project]/OneDrive/Desktop/portfolio 
website/node_modules/lucide-react/dist/esm/lucide-react.mjs [app-client] (ecmascript).
Did you mean to import Gift?
All exports of the module are statically known (It doesn't have dynamic exports). So it's known statically that the 
requested export doesn't exist.

Import trace:
  Server Component:
    ./OneDrive/Desktop/portfolio website/src/components/Projects.jsx
    ./OneDrive/Desktop/portfolio website/src/app/page.js


./OneDrive/Desktop/portfolio website/src/components/Projects.jsx:5:1
Export Github doesn't exist in target module
  [90m3 |[0m [36mimport[0m { motion } [36mfrom[0m [32m"framer-motion"[0m;
  [90m4 |[0m [36mimport[0m styles [36mfrom[0m [32m"./Projects.module.css"[0m;
[31m[1m>[0m [90m5 |[0m [36mimport[0m { [33mExternalLink[0m, [33mGithub[0m, [33mFileText[0m } 
[36mfrom[0m [32m"lucide-react"[0m;
  [90m  |[0m [31m[1m^^^^^^^^^^^^^^^^^^^^^^^^^^^^^^^^^^^^^^^^^^^^^^^^^^^^^^^^^^^^^^[0m
  [90m6 |[0m
  [90m7 |[0m [36mexport[0m [36mdefault[0m [36mfunction[0m [33mProjects[0m() {
  [90m8 |[0m   [36mconst[0m projects = [

The export Github was not found in module [project]/OneDrive/Desktop/portfolio 
website/node_modules/lucide-react/dist/esm/lucide-react.mjs [app-ssr] (ecmascript).
Did you mean to import Gift?
All exports of the module are statically known (It doesn't have dynamic exports). So it's known statically that the 
requested export doesn't exist.

Import trace:
  Server Component:
    ./OneDrive/Desktop/portfolio website/src/components/Projects.jsx
    ./OneDrive/Desktop/portfolio website/src/app/page.js


./OneDrive/Desktop/portfolio website/src/components/Profiles.jsx:5:1
Export Linkedin doesn't exist in target module
  [90m3 |[0m [36mimport[0m { motion } [36mfrom[0m [32m"framer-motion"[0m;
  [90m4 |[0m [36mimport[0m styles [36mfrom[0m [32m"./Profiles.module.css"[0m;
[31m[1m>[0m [90m5 |[0m [36mimport[0m { [33mGithub[0m, [33mLinkedin[0m, [33mCode[0m } [36mfrom[0m 
[32m"lucide-react"[0m;
  [90m  |[0m [31m[1m^^^^^^^^^^^^^^^^^^^^^^^^^^^^^^^^^^^^^^^^^^^^^^^^^^^^^^[0m
  [90m6 |[0m
  [90m7 |[0m [36mexport[0m [36mdefault[0m [36mfunction[0m [33mProfiles[0m() {
  [90m8 |[0m   [36mconst[0m profiles = [

The export Linkedin was not found in module [project]/OneDrive/Desktop/portfolio 
website/node_modules/lucide-react/dist/esm/lucide-react.mjs [app-client] (ecmascript).
Did you mean to import Link?
All exports of the module are statically known (It doesn't have dynamic exports). So it's known statically that the 
requested export doesn't exist.

Import trace:
  Server Component:
    ./OneDrive/Desktop/portfolio website/src/components/Profiles.jsx
    ./OneDrive/Desktop/portfolio website/src/app/page.js


./OneDrive/Desktop/portfolio website/src/components/Profiles.jsx:5:1
Export Linkedin doesn't exist in target module
  [90m3 |[0m [36mimport[0m { motion } [36mfrom[0m [32m"framer-motion"[0m;
  [90m4 |[0m [36mimport[0m styles [36mfrom[0m [32m"./Profiles.module.css"[0m;
[31m[1m>[0m [90m5 |[0m [36mimport[0m { [33mGithub[0m, [33mLinkedin[0m, [33mCode[0m } [36mfrom[0m 
[32m"lucide-react"[0m;
  [90m  |[0m [31m[1m^^^^^^^^^^^^^^^^^^^^^^^^^^^^^^^^^^^^^^^^^^^^^^^^^^^^^^[0m
  [90m6 |[0m
  [90m7 |[0m [36mexport[0m [36mdefault[0m [36mfunction[0m [33mProfiles[0m() {
  [90m8 |[0m   [36mconst[0m profiles = [

The export Linkedin was not found in module [project]/OneDrive/Desktop/portfolio 
website/node_modules/lucide-react/dist/esm/lucide-react.mjs [app-ssr] (ecmascript).
Did you mean to import Link?
All exports of the module are statically known (It doesn't have dynamic exports). So it's known statically that the 
requested export doesn't exist.

Import trace:
  Server Component:
    ./OneDrive/Desktop/portfolio website/src/components/Profiles.jsx
    ./OneDrive/Desktop/portfolio website/src/app/page.js


    at <unknown> (./OneDrive/Desktop/portfolio website/src/components/Profiles.jsx:5:1)
    at <unknown> (./OneDrive/Desktop/portfolio website/src/components/Profiles.jsx:5:1)
    at <unknown> (./OneDrive/Desktop/portfolio website/src/components/Projects.jsx:5:1)
    at <unknown> (./OneDrive/Desktop/portfolio website/src/components/Projects.jsx:5:1)
    at <unknown> (./OneDrive/Desktop/portfolio website/src/components/Profiles.jsx:5:1)
    at <unknown> (./OneDrive/Desktop/portfolio website/src/components/Profiles.jsx:5:1)
